{"createdBy":"sfadmin","createdDateTime":"2022-04-07T07:55:32Z","effectiveEndDate":"9999-12-31T00:00:00","effectiveStartDate":"2022-04-07T00:00:00","lastModifiedBy":"sfadmin","lastModifiedDate":"2022-04-07T09:55:32","lastModifiedDateTime":"2022-04-07T07:55:32Z","lastModifiedDateWithTZ":"2022-04-07T07:55:32Z","mdfSystemCreatedBy":"sfadmin","mdfSystemCreatedDate":"2022-04-07T09:55:32","mdfSystemEntityId":"711E961157E7437AB2AC3B473511B446","mdfSystemLastModifiedBy":"sfadmin","mdfSystemObjectType":"EmpCostDistribution","mdfSystemRecordId":"0C46AFEDB2294241A3837EA278C3318A","mdfSystemRecordStatus":"N","mdfSystemStatus":"A","mdfSystemTransactionSequence":1,"mdfSystemVersionId":null,"usersSysId":"400258"}
