{"createdBy":"802982","createdDateTime":"2015-10-28T07:22:31Z","effectiveEndDate":"9999-12-31T00:00:00","effectiveStartDate":"2015-10-28T00:00:00","lastModifiedBy":"802982","lastModifiedDate":"2015-10-28T08:22:31","lastModifiedDateTime":"2015-10-28T07:22:31Z","lastModifiedDateWithTZ":"2015-10-28T07:22:31Z","mdfSystemCreatedBy":"802982","mdfSystemCreatedDate":"2015-10-28T08:22:31","mdfSystemEntityId":"F90AB6967DFB4CB1BC377BDC638F813E","mdfSystemLastModifiedBy":"802982","mdfSystemObjectType":"EmpCostDistribution","mdfSystemRecordId":"391C3EBBE54942CBA5036B2700163BB3","mdfSystemRecordStatus":"N","mdfSystemStatus":"A","mdfSystemTransactionSequence":1,"mdfSystemVersionId":null,"usersSysId":"100257"}
{"createdBy":"D_ADMIN","createdDateTime":"2021-05-12T07:13:58Z","effectiveEndDate":"9999-12-31T00:00:00","effectiveStartDate":"2021-01-01T00:00:00","lastModifiedBy":"D_ADMIN","lastModifiedDate":"2021-05-12T09:13:58","lastModifiedDateTime":"2021-05-12T07:13:58Z","lastModifiedDateWithTZ":"2021-05-12T07:13:58Z","mdfSystemCreatedBy":"D_ADMIN","mdfSystemCreatedDate":"2021-05-12T09:13:58","mdfSystemEntityId":"27FE3AD4FABA41E384D9B5315835DC87","mdfSystemLastModifiedBy":"D_ADMIN","mdfSystemObjectType":"EmpCostDistribution","mdfSystemRecordId":"8D4F7CDB0DC946D593B6D409DDA44841","mdfSystemRecordStatus":"N","mdfSystemStatus":"A","mdfSystemTransactionSequence":1,"mdfSystemVersionId":null,"usersSysId":"41000011"}
{"createdBy":"sfadmin","createdDateTime":"2017-01-18T16:24:50Z","effectiveEndDate":"9999-12-31T00:00:00","effectiveStartDate":"2017-01-18T00:00:00","lastModifiedBy":"sfadmin","lastModifiedDate":"2018-12-19T14:51:50","lastModifiedDateTime":"2018-12-19T13:51:50Z","lastModifiedDateWithTZ":"2018-12-19T13:51:50Z","mdfSystemCreatedBy":"sfadmin","mdfSystemCreatedDate":"2017-01-18T17:24:50","mdfSystemEntityId":"2C56227DA8BC4873A6442204009D13F4","mdfSystemLastModifiedBy":"sfadmin","mdfSystemObjectType":"EmpCostDistribution","mdfSystemRecordId":"E8A6FE264A5A4F93A5585F873C0089D3","mdfSystemRecordStatus":"N","mdfSystemStatus":"A","mdfSystemTransactionSequence":1,"mdfSystemVersionId":null,"usersSysId":"106013"}
{"createdBy":"sfadmin","createdDateTime":"2022-04-07T07:55:32Z","effectiveEndDate":"9999-12-31T00:00:00","effectiveStartDate":"2022-04-07T00:00:00","lastModifiedBy":"sfadmin","lastModifiedDate":"2022-04-07T09:55:32","lastModifiedDateTime":"2022-04-07T07:55:32Z","lastModifiedDateWithTZ":"2022-04-07T07:55:32Z","mdfSystemCreatedBy":"sfadmin","mdfSystemCreatedDate":"2022-04-07T09:55:32","mdfSystemEntityId":"711E961157E7437AB2AC3B473511B446","mdfSystemLastModifiedBy":"sfadmin","mdfSystemObjectType":"EmpCostDistribution","mdfSystemRecordId":"0C46AFEDB2294241A3837EA278C3318A","mdfSystemRecordStatus":"N","mdfSystemStatus":"A","mdfSystemTransactionSequence":1,"mdfSystemVersionId":null,"usersSysId":"400258"}
